C51 COMPILER V9.53.0.0   MAIN                                                              04/17/2017 20:37:45 PAGE 1   


C51 COMPILER V9.53.0.0, COMPILATION OF MODULE MAIN
OBJECT MODULE PLACED IN .\src\main.OBJ
COMPILER INVOKED BY: c:\SiliconLabs\SimplicityStudio\v4\developer\toolchains\keil_8051\9.53\BIN\C51.exe C:\Users\cardy\D
                    -esktop\Stopwatch\src\main.c OMF2 SMALL DEBUG OBJECTEXTEND ROM(LARGE) WARNINGLEVEL(2) FLOATFUZZY(3) OPTIMIZE(8,SPEED) DEF
                    -INE(DEBUG=1) INTVECTOR(0X0000) INTPROMOTE INCDIR(C:\Users\cardy\Desktop\Stopwatch\inc\graphics;C:\Users\cardy\Desktop\St
                    -opwatch\inc;C:\Users\cardy\Desktop\Stopwatch\inc\config;C:/SiliconLabs/SimplicityStudio/v4/developer/sdks/8051/v4.0.3//k
                    -its/common/drivers/efm8_memory_lcd/inc;C:/SiliconLabs/SimplicityStudio/v4/developer/sdks/8051/v4.0.3//kits/common/driver
                    -s/efm8_memory_lcd/inc/graphics;C:/SiliconLabs/SimplicityStudio/v4/developer/sdks/8051/v4.0.3//kits/common/drivers/efm8_m
                    -emory_lcd/inc/config;C:/SiliconLabs/SimplicityStudio/v4/developer/sdks/8051/v4.0.3//kits/common/bsp;C:/SiliconLabs/Simpl
                    -icityStudio/v4/developer/sdks/8051/v4.0.3//kits/EFM8BB3_SLSTK2022A/config;C:/SiliconLabs/SimplicityStudio/v4/developer/s
                    -dks/8051/v4.0.3//Device/shared/si8051base;C:/SiliconLabs/SimplicityStudio/v4/developer/sdks/8051/v4.0.3//Device/EFM8BB3/
                    -inc;C:/SiliconLabs/SimplicityStudio/v4/developer/sdks/8051/v4.0.3//Device/EFM8BB3/peripheral_driver/inc) PRINT(.\src\mai
                    -n.lst) COND PAGEWIDTH(120) PAGELENGTH(65) OBJECT(.\src\main.OBJ)

line level    source

   1          //-----------------------------------------------------------------------------
   2          // main.c
   3          //-----------------------------------------------------------------------------
   4          // Copyright 2015 Silicon Laboratories, Inc.
   5          // http://developer.silabs.com/legal/version/v11/Silicon_Labs_Software_License_Agreement.txt
   6          //
   7          // Program Description:
   8          //
   9          // This example demonstrates the available power modes on the EFM8BB3 STK using
  10          // the LCD and push buttons.
  11          //
  12          //-----------------------------------------------------------------------------
  13          // How To Test: EFM8BB3 STK
  14          //-----------------------------------------------------------------------------
  15          // 1) Place the SW104 switch in "AEM" mode.
  16          // 2) Connect the EFM8BB3 STK board to a PC using a mini USB cable.
  17          // 3) Compile and download code to the EFM8BB3 STK board.
  18          //    In Simplicity Studio IDE, select Run -> Debug from the menu bar,
  19          //    click the Debug button in the quick menu, or press F11.
  20          // 4) Run the code.
  21          //    In Simplicity Studio IDE, select Run -> Resume from the menu bar,
  22          //    click the Resume button in the quick menu, or press F8.
  23          // 5) The power modes example should start.
  24          // 6) Press PB1 to cycle through the 6 different power modes shown on
  25          //    the LCD.
  26          // 7) Press PB0 to enter the selected power mode. The LED turns off.
  27          //    For all modes except Shutdown, the display will show "*Active*" while
  28          //    in the mode. For Shutdown mode the display is turned off.
  29          // 8) Press PB0 (all modes except Stop and Shutdown) to return to the menu,
  30          //    or press Reset (all modes) to restart the example. The LED turns on.
  31          //
  32          // Target:         EFM8BB3
  33          // Tool chain:     Generic
  34          //
  35          // Release 0.1 (MD;AT)
  36          //    - Initial Revision
  37          //    - 1 APR 2016
  38          //
  39          //-----------------------------------------------------------------------------
  40          // Resources:
  41          //-----------------------------------------------------------------------------
  42          // SYSCLK - 24.5 MHz HFOSC0 / 1
  43          // SPI0   - 1 MHz
  44          // Timer2 - 2 MHz (SPI CS delay)
  45          // Timer3 - 1 kHz (1 ms tick)
  46          // P2.6 - Display CS (Active High)
C51 COMPILER V9.53.0.0   MAIN                                                              04/17/2017 20:37:45 PAGE 2   

  47          // P0.6 - SCK
  48          // P1.0 - MOSI
  49          // P1.4 - LED G
  50          // P0.2 - Push Button 0
  51          // P0.3 - Push Button 1
  52          // P1.7 - Joystick (not used)
  53          // P3.4 - Display enable
  54          //
  55          //-----------------------------------------------------------------------------
  56          #include <SI_EFM8BB3_Register_Enums.h>
  57          #include "bsp.h"
  58          #include "pwr.h"
  59          
  60          #include "draw.h"
  61          #include "tick.h"
  62          #include "InitDevice.h"
  63          #include <stdio.h>
  64          #include <string.h>
  65          #include<stdlib.h>
  66          
  67          // Push button assignments
  68          #define UI_BTN_MENU   (1 << 0)
  69          #define UI_BTN_SELECT (1 << 1)
  70          
  71          
  72          int toggle=0;
  73          int toggle2=0;
  74          
  75          // Read and return push button status
  76          uint8_t UI_getButtons(void)
  77          {
  78   1        uint8_t status = 0;
  79   1        if (BSP_PB0 == BSP_PB_PRESSED && toggle == 0) {
  80   2          status = 1;
  81   2          toggle=1;
  82   2        }
  83   1        return status;
  84   1      }
  85          
  86          int ms=0;
  87          int sec=0;
  88          int minute=0;
  89          int hour=0;
  90          // Port Match ISR - Triggered on leading edge of UI_BTN_SELECT.
  91          SI_INTERRUPT (PMATCH_ISR, PMATCH_IRQn)
  92          {
  93   1        // Turn on LED whenever UI_BTN_SELECT is pressed
  94   1              BSP_LED_G = BSP_LED_ON;
  95   1      }
  96          
  97          SI_INTERRUPT (TIMER3_ISR, TIMER3_IRQn)
  98          {
  99   1          // Overflows every 1 ms
 100   1          TMR3CN0 &= ~TMR3CN0_TF3H__BMASK;
 101   1          if (ms<999){
 102   2                        ms++;
 103   2                }
 104   1                else if(sec<59){
 105   2                        ms=0;
 106   2                        sec++;
 107   2                }
 108   1                else if(minute<59){
 109   2                        sec=0;
C51 COMPILER V9.53.0.0   MAIN                                                              04/17/2017 20:37:45 PAGE 3   

 110   2                        minute++;
 111   2                }
 112   1                else{
 113   2                        minute=0;
 114   2                        hour++;
 115   2                }
 116   1      }
 117          
 118          
 119          void main(void)
 120          {
 121   1      
 122   1              int nxtline=8;
 123   1              int lap=0;
 124   1      
 125   1        // Initialize the device
 126   1        enter_DefaultMode_from_RESET();
 127   1      
 128   1        // Start with the LED on
 129   1        BSP_LED_G = BSP_LED_ON;
 130   1      
 131   1        // Enable all interrupts
 132   1        IE_EA = 1;
 133   1      
 134   1        if (BSP_PB1 == BSP_PB_PRESSED && toggle2 == 0) {
 135   2              toggle2=1;
 136   2        }
 137   1      
 138   1        // Mainloop
 139   1        while (toggle2)
 140   1        {
 141   2                char strms[4];
 142   2                char strsec[3];
 143   2                char strmin[3];
 144   2                char strhour[3];
 145   2                char strtime[16];
 146   2                sprintf(strhour, "%i", hour);
 147   2                sprintf(strmin,"%i",minute);
 148   2                sprintf(strsec, "%i", sec);
 149   2                sprintf(strms,"%i",ms);
 150   2                DrawScreenText("Swag Timer",0);
 151   2                strcpy(strtime, strhour);
 152   2                strcat(strtime,":");
 153   2                strcat(strtime,strmin);
 154   2                strcat(strtime,":");
 155   2                strcat(strtime,strsec);
 156   2                strcat(strtime,":");
 157   2                strcat(strtime,strms);
 158   2      
 159   2                DrawScreenText(strtime,8);
 160   2                TMR3CN0 &= ~TMR3CN0_TF3H__BMASK;
 161   2      
 162   2      
 163   2                if (UI_getButtons() == 1) {
 164   3                        char strlap[3]="";
 165   3                        char lapname[19]="";
 166   3                        nxtline=nxtline+8;
 167   3                        lap++;
 168   3                        sprintf(strlap,"%i",lap);
 169   3                        strcat(lapname, "Lap ");
 170   3                        strcat(lapname, strlap);
 171   3                        strcat(lapname,": "
 172   3                                        "");
C51 COMPILER V9.53.0.0   MAIN                                                              04/17/2017 20:37:45 PAGE 4   

 173   3                        strcat(lapname,strtime);
 174   3                        DrawScreenText(lapname,nxtline);
 175   3                        if (nxtline==120){
 176   4                                nxtline=8;
 177   4                        }
 178   3      
 179   3                }
 180   2                if (BSP_PB0 == !BSP_PB_PRESSED && toggle == 1) {
 181   3                                        toggle=0;
 182   3                }
 183   2                if (BSP_PB1 == BSP_PB_PRESSED && toggle2 == 1) {
 184   3                                        toggle2=0;
 185   3                }
 186   2        }
 187   1      }


MODULE INFORMATION:   STATIC OVERLAYABLE
   CODE SIZE        =    644    ----
   CONSTANT SIZE    =     46    ----
   XDATA SIZE       =   ----    ----
   PDATA SIZE       =   ----    ----
   DATA SIZE        =     12      55
   IDATA SIZE       =   ----    ----
   BIT SIZE         =   ----    ----
   EDATA SIZE       =   ----    ----
   HDATA SIZE       =   ----    ----
   XDATA CONST SIZE =   ----    ----
   FAR CONST SIZE   =   ----    ----
END OF MODULE INFORMATION.


C51 COMPILATION COMPLETE.  0 WARNING(S),  0 ERROR(S)
